---
source: crates/formats/src/zoning.rs
assertion_line: 592
expression: zones.debug_dump(&body)
---
=== Leaves ===
  [   0..   1) Markup(Heading)                               body=None | "!"
  [   1..   9) Prose                                         body=None | " Heading"
  [   9..  10) Prose                                         body=None | "\n"
  [  10..  11) Markup(ListItem)                              body=None | "*"
  [  11..  16) Prose                                         body=None | " item"
  [  16..  17) Prose                                         body=None | "\n"
  [  17..  19) Markup(TextFormat)                            body=None | "''"
  [  19..  23) Prose                                         body=None | "bold"
  [  23..  25) Markup(TextFormat)                            body=None | "''"

=== Bodies ===
  (none)
